// Jest Snapshot v1, https://goo.gl/fbAQLP

exports[`Render should render component 1`] = `
<span
  className="gf-form-label query-part"
>
  <FunctionEditor
    func={
      Object {
        "def": Object {
          "category": "Filter Series",
          "defaultParams": Array [
            5,
            "avg",
          ],
          "name": "top",
          "params": Array [
            Object {
              "name": "number",
              "type": "int",
            },
            Object {
              "name": "value",
              "options": Array [
                "avg",
                "min",
                "max",
                "absoluteMin",
                "absoluteMax",
                "sum",
              ],
              "type": "string",
            },
          ],
        },
        "params": Array [
          "5",
          "avg",
        ],
      }
    }
    index={1}
    onMoveLeft={[MockFunction]}
    onMoveRight={[MockFunction]}
    onRemove={[MockFunction]}
  />
  <span>
    (
  </span>
  <FunctionParams
    func={
      Object {
        "def": Object {
          "category": "Filter Series",
          "defaultParams": Array [
            5,
            "avg",
          ],
          "name": "top",
          "params": Array [
            Object {
              "name": "number",
              "type": "int",
            },
            Object {
              "name": "value",
              "options": Array [
                "avg",
                "min",
                "max",
                "absoluteMin",
                "absoluteMax",
                "sum",
              ],
              "type": "string",
            },
          ],
        },
        "params": Array [
          "5",
          "avg",
        ],
      }
    }
    index={1}
    onChange={[MockFunction]}
    onRunQuery={[MockFunction]}
  />
  <span>
    )
  </span>
</span>
`;
